---
source: crates/swath-manifest/tests/manifest_schema.rs
expression: value
---
{
  "manifest_version": 1,
  "generator": "swath-referencer",
  "source": "VNP09GA.A2012019.h33v12.002.2023122182434.h5",
  "arrays": [
    {
      "name": "HDFEOS/GRIDS/VIIRS_Grid_1km_2D/Data Fields/SurfReflect_M1_1",
      "shape": [
        1200,
        1200
      ],
      "chunks": [
        600,
        600
      ],
      "dtype": "int16",
      "codecs": [
        "zlib:8"
      ],
      "georef": {
        "crs": {
          "proj4": "+proj=sinu +R=6371007.181 +units=m +no_defs"
        },
        "transform": {
          "origin_x": 16679257.796,
          "pixel_width": 926.6254330558334,
          "row_rotation": 0.0,
          "origin_y": -3335851.559,
          "col_rotation": 0.0,
          "pixel_height": -926.6254330558334
        },
        "nodata": -28672.0,
        "band": "SurfReflect_M1_1"
      },
      "refs": [
        {
          "key": "0.0",
          "path": "VNP09GA.A2012019.h33v12.002.2023122182434.h5",
          "offset": 40381,
          "length": 812345
        },
        {
          "key": "0.1",
          "path": "VNP09GA.A2012019.h33v12.002.2023122182434.h5",
          "offset": 852726,
          "length": 630002
        }
      ]
    },
    {
      "name": "utm_example",
      "shape": [
        512,
        512
      ],
      "chunks": [
        512,
        512
      ],
      "dtype": "uint16",
      "codecs": [],
      "georef": {
        "crs": {
          "epsg": 32613
        },
        "transform": {
          "origin_x": 453720.0,
          "pixel_width": 30.0,
          "row_rotation": 0.0,
          "origin_y": 4353960.0,
          "col_rotation": 0.0,
          "pixel_height": -30.0
        }
      },
      "refs": [
        {
          "key": "0.0",
          "path": "granule.h5",
          "offset": 2048,
          "length": 524288
        }
      ]
    },
    {
      "name": "HDFEOS INFORMATION/StructMetadata.0",
      "shape": [],
      "chunks": [],
      "dtype": "|S32000",
      "codecs": [],
      "refs": [
        {
          "key": "",
          "path": "granule.h5",
          "offset": 4096,
          "length": 32000
        }
      ]
    }
  ]
}
