---
source: crates/swath-render/tests/process_compiler.rs
expression: product.plan
---
{
  "inputs": [
    {
      "name": "b8a"
    },
    {
      "name": "b04"
    }
  ],
  "ops": [
    {
      "Udf": {
        "code_hash": "ddcab5c900e1f086b6d555a25ee7dc8ebbfeb95335056055603ef8c0f1a1d6b8",
        "output_planes": 1,
        "params": {
          "scale": 2
        }
      }
    },
    {
      "Rescale": {
        "min": -1.0,
        "max": 1.0
      }
    }
  ],
  "output": {
    "format": "Png"
  }
}
