---
source: crates/swath-api/tests/granules.rs
assertion_line: 95
expression: body
---
{
  "granules": [
    {
      "assets": {
        "b02": {
          "href": "hlss30-t13sdd-2024158-b02.tif",
          "kind": "raster"
        },
        "b03": {
          "href": "hlss30-t13sdd-2024158-b03.tif",
          "kind": "raster"
        },
        "b04": {
          "href": "hlss30-t13sdd-2024158-b04.tif",
          "kind": "raster"
        },
        "b8a": {
          "href": "hlss30-t13sdd-2024158-b8a.tif",
          "kind": "raster"
        }
      },
      "bbox": [
        -105.537,
        39.1954,
        -105.3581,
        39.3345
      ],
      "datetime": "2024-06-06T17:54:00Z",
      "id": "hlss30-t13sdd-2024158",
      "ingestedAt": "2024-06-06T18:00:00Z"
    }
  ],
  "links": [
    {
      "href": "http://localhost/datasets/hls-s30/granules?limit=100&offset=0",
      "rel": "self",
      "title": "Granules of dataset hls-s30",
      "type": "application/json"
    }
  ],
  "numberMatched": 1,
  "numberReturned": 1
}
